0 verbose cli C:\Program Files\nodejs\node.exe C:\Users\gi676\AppData\Roaming\npm\node_modules\npm\bin\npm-cli.js
1 info using npm@11.6.2
2 info using node@v22.16.0
3 silly config load:file:C:\Users\gi676\AppData\Roaming\npm\node_modules\npm\npmrc
4 silly config load:file:C:\crafton\1\ai_utilization\board_simple\frontend\.npmrc
5 silly config load:file:C:\Users\gi676\.npmrc
6 silly config load:file:C:\Users\gi676\AppData\Roaming\npm\etc\npmrc
7 verbose title npm install
8 verbose argv "install" "--package-lock-only" "--ignore-scripts" "--cache" ".npm-cache"
9 verbose logfile logs-max:10 dir:C:\crafton\1\ai_utilization\board_simple\frontend\.npm-cache\_logs\2026-06-17T18_40_57_717Z-
10 verbose logfile C:\crafton\1\ai_utilization\board_simple\frontend\.npm-cache\_logs\2026-06-17T18_40_57_717Z-debug-0.log
11 silly logfile done cleaning log files
12 silly packumentCache heap:4345298944 maxSize:1086324736 maxEntrySize:543162368
13 silly idealTree buildDeps
14 http cache https://registry.npmjs.org/@tailwindcss/oxide-wasm32-wasi/-/oxide-wasm32-wasi-4.3.0.tgz 0ms (cache hit)
15 silly tarball no local data for https://registry.npmjs.org/@tailwindcss/oxide-wasm32-wasi/-/oxide-wasm32-wasi-4.3.0.tgz. Extracting by manifest.
16 http fetch GET 200 https://registry.npmjs.org/@tailwindcss/oxide-wasm32-wasi/-/oxide-wasm32-wasi-4.3.0.tgz 1302ms (cache miss)
17 silly audit bulk request {
17 silly audit   '@alloc/quick-lru': [ '5.2.0' ],
17 silly audit   '@img/colour': [ '1.1.0' ],
17 silly audit   '@img/sharp-darwin-arm64': [ '0.34.5' ],
17 silly audit   '@img/sharp-darwin-x64': [ '0.34.5' ],
17 silly audit   '@img/sharp-libvips-darwin-arm64': [ '1.2.4' ],
17 silly audit   '@img/sharp-libvips-darwin-x64': [ '1.2.4' ],
17 silly audit   '@img/sharp-libvips-linux-arm': [ '1.2.4' ],
17 silly audit   '@img/sharp-libvips-linux-arm64': [ '1.2.4' ],
17 silly audit   '@img/sharp-libvips-linux-ppc64': [ '1.2.4' ],
17 silly audit   '@img/sharp-libvips-linux-riscv64': [ '1.2.4' ],
17 silly audit   '@img/sharp-libvips-linux-s390x': [ '1.2.4' ],
17 silly audit   '@img/sharp-libvips-linux-x64': [ '1.2.4' ],
17 silly audit   '@img/sharp-libvips-linuxmusl-arm64': [ '1.2.4' ],
17 silly audit   '@img/sharp-libvips-linuxmusl-x64': [ '1.2.4' ],
17 silly audit   '@img/sharp-linux-arm': [ '0.34.5' ],
17 silly audit   '@img/sharp-linux-arm64': [ '0.34.5' ],
17 silly audit   '@img/sharp-linux-ppc64': [ '0.34.5' ],
17 silly audit   '@img/sharp-linux-riscv64': [ '0.34.5' ],
17 silly audit   '@img/sharp-linux-s390x': [ '0.34.5' ],
17 silly audit   '@img/sharp-linux-x64': [ '0.34.5' ],
17 silly audit   '@img/sharp-linuxmusl-arm64': [ '0.34.5' ],
17 silly audit   '@img/sharp-linuxmusl-x64': [ '0.34.5' ],
17 silly audit   '@img/sharp-wasm32': [ '0.34.5' ],
17 silly audit   '@img/sharp-win32-arm64': [ '0.34.5' ],
17 silly audit   '@img/sharp-win32-ia32': [ '0.34.5' ],
17 silly audit   '@img/sharp-win32-x64': [ '0.34.5' ],
17 silly audit   '@jridgewell/gen-mapping': [ '0.3.13' ],
17 silly audit   '@jridgewell/remapping': [ '2.3.5' ],
17 silly audit   '@jridgewell/resolve-uri': [ '3.1.2' ],
17 silly audit   '@jridgewell/sourcemap-codec': [ '1.5.5' ],
17 silly audit   '@jridgewell/trace-mapping': [ '0.3.31' ],
17 silly audit   '@next/env': [ '16.2.9' ],
17 silly audit   '@next/swc-darwin-arm64': [ '16.2.9' ],
17 silly audit   '@next/swc-darwin-x64': [ '16.2.9' ],
17 silly audit   '@next/swc-linux-arm64-gnu': [ '16.2.9' ],
17 silly audit   '@next/swc-linux-arm64-musl': [ '16.2.9' ],
17 silly audit   '@next/swc-linux-x64-gnu': [ '16.2.9' ],
17 silly audit   '@next/swc-linux-x64-musl': [ '16.2.9' ],
17 silly audit   '@next/swc-win32-arm64-msvc': [ '16.2.9' ],
17 silly audit   '@next/swc-win32-x64-msvc': [ '16.2.9' ],
17 silly audit   '@radix-ui/react-compose-refs': [ '1.1.3' ],
17 silly audit   '@radix-ui/react-slot': [ '1.2.5' ],
17 silly audit   '@swc/helpers': [ '0.5.15' ],
17 silly audit   '@tailwindcss/node': [ '4.3.0' ],
17 silly audit   '@tailwindcss/oxide': [ '4.3.0' ],
17 silly audit   '@tailwindcss/oxide-android-arm64': [ '4.3.0' ],
17 silly audit   '@tailwindcss/oxide-darwin-arm64': [ '4.3.0' ],
17 silly audit   '@tailwindcss/oxide-darwin-x64': [ '4.3.0' ],
17 silly audit   '@tailwindcss/oxide-freebsd-x64': [ '4.3.0' ],
17 silly audit   '@tailwindcss/oxide-linux-arm-gnueabihf': [ '4.3.0' ],
17 silly audit   '@tailwindcss/oxide-linux-arm64-gnu': [ '4.3.0' ],
17 silly audit   '@tailwindcss/oxide-linux-arm64-musl': [ '4.3.0' ],
17 silly audit   '@tailwindcss/oxide-linux-x64-gnu': [ '4.3.0' ],
17 silly audit   '@tailwindcss/oxide-linux-x64-musl': [ '4.3.0' ],
17 silly audit   tslib: [ '2.8.1' ],
17 silly audit   '@tailwindcss/oxide-win32-arm64-msvc': [ '4.3.0' ],
17 silly audit   '@tailwindcss/oxide-win32-x64-msvc': [ '4.3.0' ],
17 silly audit   '@tailwindcss/postcss': [ '4.3.0' ],
17 silly audit   '@types/debug': [ '4.1.13' ],
17 silly audit   '@types/estree': [ '1.0.9' ],
17 silly audit   '@types/estree-jsx': [ '1.0.5' ],
17 silly audit   '@types/hast': [ '3.0.4' ],
17 silly audit   '@types/mdast': [ '4.0.4' ],
17 silly audit   '@types/ms': [ '2.1.0' ],
17 silly audit   '@types/node': [ '25.9.2' ],
17 silly audit   '@types/react': [ '19.2.17' ],
17 silly audit   '@types/react-dom': [ '19.2.3' ],
17 silly audit   '@types/unist': [ '3.0.3', '2.0.11' ],
17 silly audit   '@ungap/structured-clone': [ '1.3.1' ],
17 silly audit   bail: [ '2.0.2' ],
17 silly audit   'baseline-browser-mapping': [ '2.10.36' ],
17 silly audit   'caniuse-lite': [ '1.0.30001799' ],
17 silly audit   ccount: [ '2.0.1' ],
17 silly audit   'character-entities': [ '2.0.2' ],
17 silly audit   'character-entities-html4': [ '2.1.0' ],
17 silly audit   'character-entities-legacy': [ '3.0.0' ],
17 silly audit   'character-reference-invalid': [ '2.0.1' ],
17 silly audit   'class-variance-authority': [ '0.7.1' ],
17 silly audit   'client-only': [ '0.0.1' ],
17 silly audit   clsx: [ '2.1.1' ],
17 silly audit   'comma-separated-tokens': [ '2.0.3' ],
17 silly audit   csstype: [ '3.2.3' ],
17 silly audit   debug: [ '4.4.3' ],
17 silly audit   'decode-named-character-reference': [ '1.3.0' ],
17 silly audit   dequal: [ '2.0.3' ],
17 silly audit   'detect-libc': [ '2.1.2' ],
17 silly audit   devlop: [ '1.1.0' ],
17 silly audit   'enhanced-resolve': [ '5.24.0' ],
17 silly audit   'escape-string-regexp': [ '5.0.0' ],
17 silly audit   'estree-util-is-identifier-name': [ '3.0.0' ],
17 silly audit   extend: [ '3.0.2' ],
17 silly audit   'graceful-fs': [ '4.2.11' ],
17 silly audit   'hast-util-sanitize': [ '5.0.2' ],
17 silly audit   'hast-util-to-jsx-runtime': [ '2.3.6' ],
17 silly audit   'hast-util-whitespace': [ '3.0.0' ],
17 silly audit   'html-url-attributes': [ '3.0.1' ],
17 silly audit   'inline-style-parser': [ '0.2.7' ],
17 silly audit   'is-alphabetical': [ '2.0.1' ],
17 silly audit   'is-alphanumerical': [ '2.0.1' ],
17 silly audit   'is-decimal': [ '2.0.1' ],
17 silly audit   'is-hexadecimal': [ '2.0.1' ],
17 silly audit   'is-plain-obj': [ '4.1.0' ],
17 silly audit   jiti: [ '2.7.0' ],
17 silly audit   lightningcss: [ '1.32.0' ],
17 silly audit   'lightningcss-android-arm64': [ '1.32.0' ],
17 silly audit   'lightningcss-darwin-arm64': [ '1.32.0' ],
17 silly audit   'lightningcss-darwin-x64': [ '1.32.0' ],
17 silly audit   'lightningcss-freebsd-x64': [ '1.32.0' ],
17 silly audit   'lightningcss-linux-arm-gnueabihf': [ '1.32.0' ],
17 silly audit   'lightningcss-linux-arm64-gnu': [ '1.32.0' ],
17 silly audit   'lightningcss-linux-arm64-musl': [ '1.32.0' ],
17 silly audit   'lightningcss-linux-x64-gnu': [ '1.32.0' ],
17 silly audit   'lightningcss-linux-x64-musl': [ '1.32.0' ],
17 silly audit   'lightningcss-win32-arm64-msvc': [ '1.32.0' ],
17 silly audit   'lightningcss-win32-x64-msvc': [ '1.32.0' ],
17 silly audit   'longest-streak': [ '3.1.0' ],
17 silly audit   'lucide-react': [ '1.17.0' ],
17 silly audit   'magic-string': [ '0.30.21' ],
17 silly audit   'markdown-table': [ '3.0.4' ],
17 silly audit   'mdast-util-find-and-replace': [ '3.0.2' ],
17 silly audit   'mdast-util-from-markdown': [ '2.0.3' ],
17 silly audit   'mdast-util-gfm': [ '3.1.0' ],
17 silly audit   'mdast-util-gfm-autolink-literal': [ '2.0.1' ],
17 silly audit   'mdast-util-gfm-footnote': [ '2.1.0' ],
17 silly audit   'mdast-util-gfm-strikethrough': [ '2.0.0' ],
17 silly audit   'mdast-util-gfm-table': [ '2.0.0' ],
17 silly audit   'mdast-util-gfm-task-list-item': [ '2.0.0' ],
17 silly audit   'mdast-util-mdx-expression': [ '2.0.1' ],
17 silly audit   'mdast-util-mdx-jsx': [ '3.2.0' ],
17 silly audit   'mdast-util-mdxjs-esm': [ '2.0.1' ],
17 silly audit   'mdast-util-phrasing': [ '4.1.0' ],
17 silly audit   'mdast-util-to-hast': [ '13.2.1' ],
17 silly audit   'mdast-util-to-markdown': [ '2.1.2' ],
17 silly audit   'mdast-util-to-string': [ '4.0.0' ],
17 silly audit   micromark: [ '4.0.2' ],
17 silly audit   'micromark-core-commonmark': [ '2.0.3' ],
17 silly audit   'micromark-extension-gfm': [ '3.0.0' ],
17 silly audit   'micromark-extension-gfm-autolink-literal': [ '2.1.0' ],
17 silly audit   'micromark-extension-gfm-footnote': [ '2.1.0' ],
17 silly audit   'micromark-extension-gfm-strikethrough': [ '2.1.0' ],
17 silly audit   'micromark-extension-gfm-table': [ '2.1.1' ],
17 silly audit   'micromark-extension-gfm-tagfilter': [ '2.0.0' ],
17 silly audit   'micromark-extension-gfm-task-list-item': [ '2.1.0' ],
17 silly audit   'micromark-factory-destination': [ '2.0.1' ],
17 silly audit   'micromark-factory-label': [ '2.0.1' ],
17 silly audit   'micromark-factory-space': [ '2.0.1' ],
17 silly audit   'micromark-factory-title': [ '2.0.1' ],
17 silly audit   'micromark-factory-whitespace': [ '2.0.1' ],
17 silly audit   'micromark-util-character': [ '2.1.1' ],
17 silly audit   'micromark-util-chunked': [ '2.0.1' ],
17 silly audit   'micromark-util-classify-character': [ '2.0.1' ],
17 silly audit   'micromark-util-combine-extensions': [ '2.0.1' ],
17 silly audit   'micromark-util-decode-numeric-character-reference': [ '2.0.2' ],
17 silly audit   'micromark-util-decode-string': [ '2.0.1' ],
17 silly audit   'micromark-util-encode': [ '2.0.1' ],
17 silly audit   'micromark-util-html-tag-name': [ '2.0.1' ],
17 silly audit   'micromark-util-normalize-identifier': [ '2.0.1' ],
17 silly audit   'micromark-util-resolve-all': [ '2.0.1' ],
17 silly audit   'micromark-util-sanitize-uri': [ '2.0.1' ],
17 silly audit   'micromark-util-subtokenize': [ '2.1.0' ],
17 silly audit   'micromark-util-symbol': [ '2.0.1' ],
17 silly audit   'micromark-util-types': [ '2.0.2' ],
17 silly audit   ms: [ '2.1.3' ],
17 silly audit   nanoid: [ '3.3.12' ],
17 silly audit   next: [ '16.2.9' ],
17 silly audit   postcss: [ '8.4.31', '8.5.15' ],
17 silly audit   'parse-entities': [ '4.0.2' ],
17 silly audit   picocolors: [ '1.1.1' ],
17 silly audit   'property-information': [ '7.2.0' ],
17 silly audit   react: [ '19.2.7' ],
17 silly audit   'react-dom': [ '19.2.7' ],
17 silly audit   'react-markdown': [ '10.1.0' ],
17 silly audit   'rehype-sanitize': [ '6.0.0' ],
17 silly audit   'remark-gfm': [ '4.0.1' ],
17 silly audit   'remark-parse': [ '11.0.0' ],
17 silly audit   'remark-rehype': [ '11.1.2' ],
17 silly audit   'remark-stringify': [ '11.0.0' ],
17 silly audit   scheduler: [ '0.27.0' ],
17 silly audit   semver: [ '7.8.4' ],
17 silly audit   sharp: [ '0.34.5' ],
17 silly audit   'source-map-js': [ '1.2.1' ],
17 silly audit   'space-separated-tokens': [ '2.0.2' ],
17 silly audit   'stringify-entities': [ '4.0.4' ],
17 silly audit   'style-to-js': [ '1.1.21' ],
17 silly audit   'style-to-object': [ '1.0.14' ],
17 silly audit   'styled-jsx': [ '5.1.6' ],
17 silly audit   'tailwind-merge': [ '3.6.0' ],
17 silly audit   tailwindcss: [ '4.3.0' ],
17 silly audit   tapable: [ '2.3.3' ],
17 silly audit   'trim-lines': [ '3.0.1' ],
17 silly audit   trough: [ '2.2.0' ],
17 silly audit   typescript: [ '6.0.3' ],
17 silly audit   'undici-types': [ '7.24.6' ],
17 silly audit   unified: [ '11.0.5' ],
17 silly audit   'unist-util-is': [ '6.0.1' ],
17 silly audit   'unist-util-position': [ '5.0.0' ],
17 silly audit   'unist-util-stringify-position': [ '4.0.0' ],
17 silly audit   'unist-util-visit': [ '5.1.0' ],
17 silly audit   'unist-util-visit-parents': [ '6.0.2' ],
17 silly audit   vfile: [ '6.0.3' ],
17 silly audit   'vfile-message': [ '4.0.3' ],
17 silly audit   zustand: [ '5.0.14' ],
17 silly audit   zwitch: [ '2.0.4' ],
17 silly audit   '@tailwindcss/oxide-wasm32-wasi': [ '4.3.0' ],
17 silly audit   '@emnapi/wasi-threads': [ '1.2.1' ],
17 silly audit   '@napi-rs/wasm-runtime': [ '1.1.4' ],
17 silly audit   '@tybys/wasm-util': [ '0.10.1' ]
17 silly audit }
18 http fetch POST 200 https://registry.npmjs.org/-/npm/v1/security/advisories/bulk 229ms
19 silly audit report {
19 silly audit report   postcss: [
19 silly audit report     {
19 silly audit report       id: 1117015,
19 silly audit report       url: 'https://github.com/advisories/GHSA-qx2v-qp2m-jg93',
19 silly audit report       title: 'PostCSS has XSS via Unescaped </style> in its CSS Stringify Output',
19 silly audit report       severity: 'moderate',
19 silly audit report       vulnerable_versions: '<8.5.10',
19 silly audit report       cwe: [Array],
19 silly audit report       cvss: [Object]
19 silly audit report     }
19 silly audit report   ]
19 silly audit report }
20 silly packumentCache corgi:https://registry.npmjs.org/postcss cache-miss
21 http fetch GET 200 https://registry.npmjs.org/postcss 42ms (cache miss)
22 silly packumentCache corgi:https://registry.npmjs.org/postcss set size:undefined disposed:false
23 silly packumentCache corgi:https://registry.npmjs.org/next cache-miss
24 http fetch GET 200 https://registry.npmjs.org/next 360ms (cache miss)
25 silly packumentCache corgi:https://registry.npmjs.org/next set size:undefined disposed:false
26 verbose cwd C:\crafton\1\ai_utilization\board_simple\frontend
27 verbose os Windows_NT 10.0.26200
28 verbose node v22.16.0
29 verbose npm  v11.6.2
30 verbose exit 0
31 info ok
